<html>
<body>
<pre>
<h1>礦ision Build Log</h1>
<h2>Tool Versions:</h2>
IDE-Version: μVision V5.24.2.0
Copyright (C) 2017 ARM Ltd and ARM Germany GmbH. All rights reserved.
License Information:  ,  , LIC=WHY8T-RY54N-EH18P-M66YU-BKKDF-D5BIQ
 
Tool Versions:
Toolchain:       MDK-ARM Plus  Version: 5.24.1
Toolchain Path:  f:\Keil_v5\ARM\ARMCC\Bin
C Compiler:      Armcc.exe V5.06 update 5 (build 528)
Assembler:       Armasm.exe V5.06 update 5 (build 528)
Linker/Locator:  ArmLink.exe V5.06 update 5 (build 528)
Library Manager: ArmAr.exe V5.06 update 5 (build 528)
Hex Converter:   FromElf.exe V5.06 update 5 (build 528)
CPU DLL:         SARMCM3.DLL V5.24.1
Dialog DLL:      DCM.DLL V1.16.0.0
Target DLL:      Segger\JL2CM3.dll V2.99.26.0
Dialog DLL:      TCM.DLL V1.32.0.0
 
<h2>Project:</h2>
F:\01_gateway_BG36\Project\Induction Heater.uvprojx
Project File Date:  09/04/2018

<h2>Output:</h2>
*** Using Compiler 'V5.06 update 5 (build 528)', folder: 'f:\Keil_v5\ARM\ARMCC\Bin'
Rebuild target 'Gateway'
assembling startup_stm32f10x_hd.s...
compiling stm32f10x_dac.c...
compiling stm32f10x_flash.c...
compiling stm32f10x_adc.c...
compiling misc.c...
compiling stm32f10x_exti.c...
compiling stm32f10x_gpio.c...
compiling stm32f10x_rcc.c...
compiling stm32f10x_dma.c...
compiling stm32f10x_iwdg.c...
compiling SST25VF016B.c...
compiling stm32f10x_wwdg.c...
compiling stm32f10x_spi.c...
compiling stm32f10x_usart.c...
compiling stm32f10x_tim.c...
compiling core_cm3.c...
compiling system_stm32f10x.c...
compiling systemclock.c...
compiling main.c...
compiling stm32f10x_it.c...
compiling Stm32_Configuration.c...
compiling DataFlash.c...
compiling password_MD5.c...
compiling myPID.c...
compiling MQTTConnectClient.c...
compiling MQTTConnectServer.c...
compiling MQTTDeserializePublish.c...
compiling si4463.c...
compiling MAX44009.c...
compiling MQTTFormat.c...
..\MQTT\MQTTFormat.c(122): warning:  #550-D: variable "strindex"  was set but never used
  	int strindex = 0;
..\MQTT\MQTTFormat.c(200): warning:  #550-D: variable "rc"  was set but never used
  		int rc;
..\MQTT\MQTTFormat.c(190): warning:  #550-D: variable "strindex"  was set but never used
  	int strindex = 0;
..\MQTT\MQTTFormat.c: 3 warnings, 0 errors
compiling SI7021.c...
compiling MQTTPacket.c...
compiling MQTTSerializePublish.c...
compiling MQTTSubscribeClient.c...
compiling MQTTSubscribeServer.c...
compiling HandleTask.c...
..\User\HandleTask.c(190): warning:  #177-D: variable "ReportData1"  was declared but never referenced
  static u8  ReportData1[128];
..\User\HandleTask.c(198): warning:  #177-D: variable "ReportData5"  was declared but never referenced
  static u8  ReportData5[128];
..\User\HandleTask.c(649): warning:  #550-D: variable "RxReport1_step_flg"  was set but never used
  static u8 RxReport1_step_flg=0;//RxReport1_step_flg!=0表示收到的命令已处理
..\User\HandleTask.c(654): warning:  #177-D: variable "RxReport2_len"  was declared but never referenced
  static u8 RxReport2_len=0;
..\User\HandleTask.c(656): warning:  #177-D: variable "RxReport4_len"  was declared but never referenced
  static u8 RxReport4_len=0;
..\User\HandleTask.c: 5 warnings, 0 errors
compiling MQTTUnsubscribeServer.c...
compiling MQTTUnsubscribeClient.c...
linking...
Program Size: Code=71368 RO-data=1128 RW-data=1592 ZI-data=19456  
FromELF: creating hex file...
"..\Output\Induction Heater.axf" - 0 Error(s), 8 Warning(s).

<h2>Software Packages used:</h2>

Package Vendor: Keil
                http://www.keil.com/pack/Keil.STM32F1xx_DFP.2.2.0.pack
                Keil.STM32F1xx_DFP.2.2.0
                STMicroelectronics STM32F1 Series Device Support, Drivers and Examples

<h2>Collection of Component include folders:</h2>
  .\RTE\_Gateway
  f:\Keil_v5\ARM\PACK\Keil\STM32F1xx_DFP\2.2.0\Device\Include

<h2>Collection of Component Files used:</h2>
Build Time Elapsed:  00:00:07
</pre>
</body>
</html>
